// Jest Snapshot v1, https://goo.gl/fbAQLP

exports[`pruebas en el <CounterApp/> should de regresar el valor predefinido de 10 1`] = `
<Fragment>
  <h1>
    CounterApp
  </h1>
  <h2>
    10
  </h2>
  <button
    onClick={[Function]}
  >
    +1
  </button>
  <button
    onClick={[Function]}
  >
    -1
  </button>
  <button
    onClick={[Function]}
  >
    0
  </button>
</Fragment>
`;
